1748449073.3686798 [INFO] [launch]: All log files can be found below /home/spacer/.ros/log/2025-05-28-18-17-53-366620-spacer-134215
1748449073.3690097 [INFO] [launch]: Default logging verbosity is set to INFO
1748449073.4597282 [INFO] [mpc_spacecraft-1]: process started with pid [134216]
1748449073.4602504 [INFO] [test_setpoints-2]: process started with pid [134218]
1748449074.4551780 [mpc_spacecraft-1] 
1748449074.4554760 [mpc_spacecraft-1] WARNING: Gauss-Newton Hessian approximation with EXTERNAL cost type not well defined!
1748449074.4555705 [mpc_spacecraft-1] got cost_type EXTERNAL for cost_type_0, cost_type, cost_type_e, hessian_approx: 'GAUSS_NEWTON'.
1748449074.4556448 [mpc_spacecraft-1] With this setting, acados will proceed computing the exact Hessian for the cost term and no Hessian contribution from constraints and dynamics.
1748449074.4557171 [mpc_spacecraft-1] If the external cost is a linear least squares cost, this coincides with the Gauss-Newton Hessian.
1748449074.4557769 [mpc_spacecraft-1] Note: There is also the option to use the external cost module with a numerical Hessian approximation (see `ext_cost_num_hess`).
1748449074.4558344 [mpc_spacecraft-1] OR the option to provide a symbolic custom Hessian approximation (see `cost_expr_ext_cost_custom_hess`).
1748449074.4558868 [mpc_spacecraft-1] 
1748449076.3218842 [mpc_spacecraft-1] rm -f libacados_ocp_solver_spacecraft_direct_allocation_model.so
1748449076.3234093 [mpc_spacecraft-1] rm -f spacecraft_direct_allocation_model_cost/spacecraft_direct_allocation_model_cost_ext_cost_0_fun.o spacecraft_direct_allocation_model_cost/spacecraft_direct_allocation_model_cost_ext_cost_0_fun_jac_hess.o spacecraft_direct_allocation_model_cost/spacecraft_direct_allocation_model_cost_ext_cost_0_fun_jac.o spacecraft_direct_allocation_model_cost/spacecraft_direct_allocation_model_cost_ext_cost_fun.o spacecraft_direct_allocation_model_cost/spacecraft_direct_allocation_model_cost_ext_cost_fun_jac_hess.o spacecraft_direct_allocation_model_cost/spacecraft_direct_allocation_model_cost_ext_cost_fun_jac.o spacecraft_direct_allocation_model_cost/spacecraft_direct_allocation_model_cost_ext_cost_e_fun.o spacecraft_direct_allocation_model_cost/spacecraft_direct_allocation_model_cost_ext_cost_e_fun_jac_hess.o spacecraft_direct_allocation_model_cost/spacecraft_direct_allocation_model_cost_ext_cost_e_fun_jac.o acados_solver_spacecraft_direct_allocation_model.o
1748449076.3305056 [mpc_spacecraft-1] cc -fPIC -std=c99   -O2 -I/home/spacer/acados/include -I/home/spacer/acados/include/acados -I/home/spacer/acados/include/blasfeo/include -I/home/spacer/acados/include/hpipm/include  -c -o spacecraft_direct_allocation_model_cost/spacecraft_direct_allocation_model_cost_ext_cost_0_fun.o spacecraft_direct_allocation_model_cost/spacecraft_direct_allocation_model_cost_ext_cost_0_fun.c
1748449076.4636426 [mpc_spacecraft-1] cc -fPIC -std=c99   -O2 -I/home/spacer/acados/include -I/home/spacer/acados/include/acados -I/home/spacer/acados/include/blasfeo/include -I/home/spacer/acados/include/hpipm/include  -c -o spacecraft_direct_allocation_model_cost/spacecraft_direct_allocation_model_cost_ext_cost_0_fun_jac_hess.o spacecraft_direct_allocation_model_cost/spacecraft_direct_allocation_model_cost_ext_cost_0_fun_jac_hess.c
1748449077.0900505 [mpc_spacecraft-1] cc -fPIC -std=c99   -O2 -I/home/spacer/acados/include -I/home/spacer/acados/include/acados -I/home/spacer/acados/include/blasfeo/include -I/home/spacer/acados/include/hpipm/include  -c -o spacecraft_direct_allocation_model_cost/spacecraft_direct_allocation_model_cost_ext_cost_0_fun_jac.o spacecraft_direct_allocation_model_cost/spacecraft_direct_allocation_model_cost_ext_cost_0_fun_jac.c
1748449077.2638011 [mpc_spacecraft-1] cc -fPIC -std=c99   -O2 -I/home/spacer/acados/include -I/home/spacer/acados/include/acados -I/home/spacer/acados/include/blasfeo/include -I/home/spacer/acados/include/hpipm/include  -c -o spacecraft_direct_allocation_model_cost/spacecraft_direct_allocation_model_cost_ext_cost_fun.o spacecraft_direct_allocation_model_cost/spacecraft_direct_allocation_model_cost_ext_cost_fun.c
1748449077.4007533 [mpc_spacecraft-1] cc -fPIC -std=c99   -O2 -I/home/spacer/acados/include -I/home/spacer/acados/include/acados -I/home/spacer/acados/include/blasfeo/include -I/home/spacer/acados/include/hpipm/include  -c -o spacecraft_direct_allocation_model_cost/spacecraft_direct_allocation_model_cost_ext_cost_fun_jac_hess.o spacecraft_direct_allocation_model_cost/spacecraft_direct_allocation_model_cost_ext_cost_fun_jac_hess.c
1748449078.0410192 [mpc_spacecraft-1] cc -fPIC -std=c99   -O2 -I/home/spacer/acados/include -I/home/spacer/acados/include/acados -I/home/spacer/acados/include/blasfeo/include -I/home/spacer/acados/include/hpipm/include  -c -o spacecraft_direct_allocation_model_cost/spacecraft_direct_allocation_model_cost_ext_cost_fun_jac.o spacecraft_direct_allocation_model_cost/spacecraft_direct_allocation_model_cost_ext_cost_fun_jac.c
1748449078.2203269 [mpc_spacecraft-1] cc -fPIC -std=c99   -O2 -I/home/spacer/acados/include -I/home/spacer/acados/include/acados -I/home/spacer/acados/include/blasfeo/include -I/home/spacer/acados/include/hpipm/include  -c -o spacecraft_direct_allocation_model_cost/spacecraft_direct_allocation_model_cost_ext_cost_e_fun.o spacecraft_direct_allocation_model_cost/spacecraft_direct_allocation_model_cost_ext_cost_e_fun.c
1748449078.3455920 [mpc_spacecraft-1] cc -fPIC -std=c99   -O2 -I/home/spacer/acados/include -I/home/spacer/acados/include/acados -I/home/spacer/acados/include/blasfeo/include -I/home/spacer/acados/include/hpipm/include  -c -o spacecraft_direct_allocation_model_cost/spacecraft_direct_allocation_model_cost_ext_cost_e_fun_jac_hess.o spacecraft_direct_allocation_model_cost/spacecraft_direct_allocation_model_cost_ext_cost_e_fun_jac_hess.c
1748449078.8217010 [mpc_spacecraft-1] cc -fPIC -std=c99   -O2 -I/home/spacer/acados/include -I/home/spacer/acados/include/acados -I/home/spacer/acados/include/blasfeo/include -I/home/spacer/acados/include/hpipm/include  -c -o spacecraft_direct_allocation_model_cost/spacecraft_direct_allocation_model_cost_ext_cost_e_fun_jac.o spacecraft_direct_allocation_model_cost/spacecraft_direct_allocation_model_cost_ext_cost_e_fun_jac.c
1748449078.9952691 [mpc_spacecraft-1] cc -fPIC -std=c99   -O2 -I/home/spacer/acados/include -I/home/spacer/acados/include/acados -I/home/spacer/acados/include/blasfeo/include -I/home/spacer/acados/include/hpipm/include  -c -o acados_solver_spacecraft_direct_allocation_model.o acados_solver_spacecraft_direct_allocation_model.c
1748449079.4182234 [mpc_spacecraft-1] cc -fPIC -std=c99   -O2 -I/home/spacer/acados/include -I/home/spacer/acados/include/acados -I/home/spacer/acados/include/blasfeo/include -I/home/spacer/acados/include/hpipm/include  -c -o spacecraft_direct_allocation_model_model/spacecraft_direct_allocation_model_expl_ode_fun.o spacecraft_direct_allocation_model_model/spacecraft_direct_allocation_model_expl_ode_fun.c
1748449079.5959654 [mpc_spacecraft-1] cc -fPIC -std=c99   -O2 -I/home/spacer/acados/include -I/home/spacer/acados/include/acados -I/home/spacer/acados/include/blasfeo/include -I/home/spacer/acados/include/hpipm/include  -c -o spacecraft_direct_allocation_model_model/spacecraft_direct_allocation_model_expl_vde_forw.o spacecraft_direct_allocation_model_model/spacecraft_direct_allocation_model_expl_vde_forw.c
1748449081.8154905 [mpc_spacecraft-1] cc -fPIC -std=c99   -O2 -I/home/spacer/acados/include -I/home/spacer/acados/include/acados -I/home/spacer/acados/include/blasfeo/include -I/home/spacer/acados/include/hpipm/include  -c -o spacecraft_direct_allocation_model_model/spacecraft_direct_allocation_model_expl_vde_adj.o spacecraft_direct_allocation_model_model/spacecraft_direct_allocation_model_expl_vde_adj.c
1748449082.0833204 [mpc_spacecraft-1] cc -shared spacecraft_direct_allocation_model_cost/spacecraft_direct_allocation_model_cost_ext_cost_0_fun.o spacecraft_direct_allocation_model_cost/spacecraft_direct_allocation_model_cost_ext_cost_0_fun_jac_hess.o spacecraft_direct_allocation_model_cost/spacecraft_direct_allocation_model_cost_ext_cost_0_fun_jac.o spacecraft_direct_allocation_model_cost/spacecraft_direct_allocation_model_cost_ext_cost_fun.o spacecraft_direct_allocation_model_cost/spacecraft_direct_allocation_model_cost_ext_cost_fun_jac_hess.o spacecraft_direct_allocation_model_cost/spacecraft_direct_allocation_model_cost_ext_cost_fun_jac.o spacecraft_direct_allocation_model_cost/spacecraft_direct_allocation_model_cost_ext_cost_e_fun.o spacecraft_direct_allocation_model_cost/spacecraft_direct_allocation_model_cost_ext_cost_e_fun_jac_hess.o spacecraft_direct_allocation_model_cost/spacecraft_direct_allocation_model_cost_ext_cost_e_fun_jac.o acados_solver_spacecraft_direct_allocation_model.o spacecraft_direct_allocation_model_model/spacecraft_direct_allocation_model_expl_ode_fun.o spacecraft_direct_allocation_model_model/spacecraft_direct_allocation_model_expl_vde_forw.o spacecraft_direct_allocation_model_model/spacecraft_direct_allocation_model_expl_vde_adj.o -o libacados_ocp_solver_spacecraft_direct_allocation_model.so -L/home/spacer/acados/lib -lacados -lhpipm -lblasfeo -lm \
1748449082.0837839 [mpc_spacecraft-1] -L -l
1748449082.1378293 [mpc_spacecraft-1] acados was compiled without OpenMP.
1748449082.1448798 [mpc_spacecraft-1] Warning: An AcadosSimSolver is created from an AcadosOcp description. This only works if you created an AcadosOcpSolver before with the same description.Otherwise it leads to undefined behavior. Using an AcadosSim description is recommended.
1748449082.1492963 [mpc_spacecraft-1] cc -fPIC -std=c99   -O2 -I/home/spacer/acados/include -I/home/spacer/acados/include/acados -I/home/spacer/acados/include/blasfeo/include -I/home/spacer/acados/include/hpipm/include  -c -o acados_sim_solver_spacecraft_direct_allocation_model.o acados_sim_solver_spacecraft_direct_allocation_model.c
1748449082.2640882 [mpc_spacecraft-1] cc -shared acados_sim_solver_spacecraft_direct_allocation_model.o spacecraft_direct_allocation_model_model/spacecraft_direct_allocation_model_expl_ode_fun.o spacecraft_direct_allocation_model_model/spacecraft_direct_allocation_model_expl_vde_forw.o spacecraft_direct_allocation_model_model/spacecraft_direct_allocation_model_expl_vde_adj.o -o libacados_sim_solver_spacecraft_direct_allocation_model.so -L/home/spacer/acados/lib -lacados -lhpipm -lblasfeo -lm
1748449082.3076334 [mpc_spacecraft-1] acados was compiled without OpenMP.
1748449082.4219837 [mpc_spacecraft-1] [0m[INFO] [1748449082.421274671] [mpc_spacecraft]: SpacecraftMPC created![0m
1748449082.4236832 [mpc_spacecraft-1] [0m[INFO] [1748449082.423370802] [mpc_spacecraft]: cmdloop_callback[0m
1748449082.4509232 [mpc_spacecraft-1] [0m[INFO] [1748449082.450316021] [mpc_spacecraft]: cmdloop_callback[0m
1748449082.4563704 [mpc_spacecraft-1] 
1748449082.4566441 [mpc_spacecraft-1] SQP_RTI: QP solver returned error status 3 QP iteration 1.
1748449082.4911633 [mpc_spacecraft-1] Traceback (most recent call last):
1748449082.4915586 [mpc_spacecraft-1]   File "/home/spacer/fp_ws/install/px4_mpc/lib/px4_mpc/mpc_spacecraft", line 33, in <module>
1748449082.4920826 [mpc_spacecraft-1]     sys.exit(load_entry_point('px4-mpc', 'console_scripts', 'mpc_spacecraft')())
1748449082.4922192 [mpc_spacecraft-1]   File "/home/spacer/fp_ws/build/px4_mpc/px4_mpc/mpc_spacecraft.py", line 476, in main
1748449082.4923341 [mpc_spacecraft-1]     rclpy.spin(spacecraft_mpc)
1748449082.4924657 [mpc_spacecraft-1]   File "/opt/ros/humble/local/lib/python3.10/dist-packages/rclpy/__init__.py", line 226, in spin
1748449082.4925675 [mpc_spacecraft-1]     executor.spin_once()
1748449082.4926665 [mpc_spacecraft-1]   File "/opt/ros/humble/local/lib/python3.10/dist-packages/rclpy/executors.py", line 751, in spin_once
1748449082.4927597 [mpc_spacecraft-1]     self._spin_once_impl(timeout_sec)
1748449082.4928491 [mpc_spacecraft-1]   File "/opt/ros/humble/local/lib/python3.10/dist-packages/rclpy/executors.py", line 748, in _spin_once_impl
1748449082.4929569 [mpc_spacecraft-1]     raise handler.exception()
1748449082.4930477 [mpc_spacecraft-1]   File "/opt/ros/humble/local/lib/python3.10/dist-packages/rclpy/task.py", line 254, in __call__
1748449082.4931695 [mpc_spacecraft-1]     self._handler.send(None)
1748449082.4932623 [mpc_spacecraft-1]   File "/opt/ros/humble/local/lib/python3.10/dist-packages/rclpy/executors.py", line 447, in handler
1748449082.4933524 [mpc_spacecraft-1]     await call_coroutine(entity, arg)
1748449082.4936600 [mpc_spacecraft-1]   File "/opt/ros/humble/local/lib/python3.10/dist-packages/rclpy/executors.py", line 361, in _execute_timer
1748449082.4939303 [mpc_spacecraft-1]     await await_or_execute(tmr.callback)
1748449082.4940460 [mpc_spacecraft-1]   File "/opt/ros/humble/local/lib/python3.10/dist-packages/rclpy/executors.py", line 107, in await_or_execute
1748449082.4941492 [mpc_spacecraft-1]     return callback(*args)
1748449082.4942451 [mpc_spacecraft-1]   File "/home/spacer/fp_ws/build/px4_mpc/px4_mpc/mpc_spacecraft.py", line 429, in cmdloop_callback
1748449082.4943359 [mpc_spacecraft-1]     u_pred, x_pred = self.mpc.solve(x0, ref=ref)
1748449082.4944255 [mpc_spacecraft-1]   File "/home/spacer/fp_ws/build/px4_mpc/px4_mpc/controllers/spacecraft_wrench_mpc.py", line 174, in solve
1748449082.4945157 [mpc_spacecraft-1]     raise Exception(f'acados returned status {status}.')
1748449082.4946032 [mpc_spacecraft-1] Exception: acados returned status 4.
1748449082.8353190 [ERROR] [mpc_spacecraft-1]: process has died [pid 134216, exit code 1, cmd '/home/spacer/fp_ws/install/px4_mpc/lib/px4_mpc/mpc_spacecraft --ros-args -r __node:=mpc_spacecraft -r __ns:=/ --params-file /tmp/launch_params_x17exrku --params-file /tmp/launch_params_ghu_tawd --params-file /tmp/launch_params_w2aehk8o'].
1748449104.5938499 [WARNING] [launch]: user interrupted with ctrl-c (SIGINT)
1748449104.7710195 [WARNING] [launch]: user interrupted with ctrl-c (SIGINT) again, ignoring...
1748449104.7798419 [ERROR] [test_setpoints-2]: process has died [pid 134218, exit code -2, cmd '/home/spacer/fp_ws/install/px4_mpc/lib/px4_mpc/test_setpoints --ros-args -r __node:=test_setpoints -r __ns:=/ --params-file /tmp/launch_params_z6rkbqdf'].
